2026-09-21 14:46:06 | [INFO   ] | Логгер успешно сконфигурирован
2026-09-21 14:46:06 | [INFO   ] | Приложение запущено
2026-09-21 15:02:38 | [INFO   ] | Логгер успешно сконфигурирован
2026-09-21 15:02:38 | [INFO   ] | Приложение запущено
2026-09-21 15:04:23 | [INFO   ] | Логгер успешно сконфигурирован
2026-09-21 15:04:23 | [INFO   ] | Приложение запущено
2026-09-21 15:05:43 | [INFO   ] | Логгер успешно сконфигурирован
2026-09-21 15:05:43 | [INFO   ] | Приложение запущено
2026-09-21 15:06:55 | [INFO   ] | Логгер успешно сконфигурирован
2026-09-21 15:06:55 | [INFO   ] | Приложение запущено
2026-09-21 15:07:08 | [INFO   ] | Логгер успешно сконфигурирован
2026-09-21 15:07:08 | [INFO   ] | Приложение запущено
2026-09-21 15:07:24 | [INFO   ] | Логгер успешно сконфигурирован
2026-09-21 15:07:24 | [INFO   ] | Приложение запущено
2026-09-21 15:11:23 | [INFO   ] | Логгер успешно сконфигурирован
2026-09-21 15:11:23 | [INFO   ] | Приложение запущено
2026-09-21 15:11:44 | [INFO   ] | Логгер успешно сконфигурирован
2026-09-21 15:11:44 | [INFO   ] | Приложение запущено
2026-09-21 15:13:55 | [INFO   ] | Логгер успешно сконфигурирован
2026-09-21 15:13:55 | [INFO   ] | Приложение запущено
2026-09-21 15:18:14 | [INFO   ] | Логгер успешно сконфигурирован
2026-09-21 15:18:14 | [INFO   ] | Приложение запущено
2026-09-21 15:18:19 | [WARNING] | Error: login=+79133837226, password=Хахахаха123!, confirm password=Хахахаха123!, message=Логин: есть недопустимые символы
2026-09-21 15:18:50 | [INFO   ] | Логгер успешно сконфигурирован
2026-09-21 15:18:50 | [INFO   ] | Приложение запущено
2026-09-21 15:18:58 | [INFO   ] | Success: login=+7-913-383-7226, password=Хахахаха123!
2026-09-21 15:23:23 | [INFO   ] | Логгер успешно сконфигурирован
2026-09-21 15:23:23 | [INFO   ] | Приложение запущено
2026-09-21 15:23:28 | [INFO   ] | Success: login=+7-913-383-7226, password=Дщдлулпп123!
2026-09-21 15:23:50 | [INFO   ] | Логгер успешно сконфигурирован
2026-09-21 15:23:50 | [INFO   ] | Приложение запущено
2026-09-21 15:23:57 | [ERROR  ] | Сбой при регистрации
Traceback (most recent call last):
  File "c:\Users\goroshek\Desktop\колледж\4 курс\Тестирование\PTPM-VKI\main.py", line 154, in main
    logging.info("Success: login=%s, password=%s", login, Mask(password))
                                                          ~~~~^^^^^^^^^^
TypeError: Mask() takes no arguments
2026-09-21 15:24:46 | [INFO   ] | Логгер успешно сконфигурирован
2026-09-21 15:24:46 | [INFO   ] | Приложение запущено
2026-09-21 15:24:50 | [ERROR  ] | Сбой при регистрации
Traceback (most recent call last):
  File "c:\Users\goroshek\Desktop\колледж\4 курс\Тестирование\PTPM-VKI\main.py", line 155, in main
    logging.info("Success: login=%s, password=%s", login, mask.CreateHash(password))
                                                          ~~~~~~~~~~~~~~~^^^^^^^^^^
TypeError: Mask.CreateHash() takes 1 positional argument but 2 were given
2026-09-21 15:28:30 | [INFO   ] | Логгер успешно сконфигурирован
2026-09-21 15:28:30 | [INFO   ] | Приложение запущено
2026-09-21 15:28:36 | [INFO   ] | Success: login=+7-913-383-7226, password=****82a3b962, confirm password=****82a3b962
2026-09-21 15:28:42 | [INFO   ] | Логгер успешно сконфигурирован
2026-09-21 15:28:42 | [INFO   ] | Приложение запущено
2026-09-21 15:28:49 | [WARNING] | Error: login=+79133837226, password=****82a3b962, confirm password=****3b9bf927, message=Логин: есть недопустимые символы
